d:\prog\!secdev\lr2_passthrough\x64\release\vc143.pdb
d:\prog\!secdev\lr2_passthrough\x64\release\passthrough.obj
d:\prog\!secdev\lr2_passthrough\x64\release\passthrough\passthrough.cat
d:\prog\!secdev\lr2_passthrough\x64\release\passthrough.sys
d:\prog\!secdev\lr2_passthrough\x64\release\passthrough.pdb
d:\prog\!secdev\lr2_passthrough\x64\release\passthrough.res
d:\prog\!secdev\lr2_passthrough\x64\release\passthrough.inf
d:\prog\!secdev\lr2_passthrough\x64\release\passthrough.tlog\cl.command.1.tlog
d:\prog\!secdev\lr2_passthrough\x64\release\passthrough.tlog\cl.items.tlog
d:\prog\!secdev\lr2_passthrough\x64\release\passthrough.tlog\cl.read.1.tlog
d:\prog\!secdev\lr2_passthrough\x64\release\passthrough.tlog\cl.write.1.tlog
d:\prog\!secdev\lr2_passthrough\x64\release\passthrough.tlog\inf2cat-expand.21648.read.1.tlog
d:\prog\!secdev\lr2_passthrough\x64\release\passthrough.tlog\inf2cat-expand.21648.write.1.tlog
d:\prog\!secdev\lr2_passthrough\x64\release\passthrough.tlog\inf2cat-expand.read.1.tlog
d:\prog\!secdev\lr2_passthrough\x64\release\passthrough.tlog\inf2cat-expand.write.1.tlog
d:\prog\!secdev\lr2_passthrough\x64\release\passthrough.tlog\inf2cat.command.1.tlog
d:\prog\!secdev\lr2_passthrough\x64\release\passthrough.tlog\inf2cat.read.1.tlog
d:\prog\!secdev\lr2_passthrough\x64\release\passthrough.tlog\inf2cat.write.1.tlog
d:\prog\!secdev\lr2_passthrough\x64\release\passthrough.tlog\link.command.1.tlog
d:\prog\!secdev\lr2_passthrough\x64\release\passthrough.tlog\link.read.1.tlog
d:\prog\!secdev\lr2_passthrough\x64\release\passthrough.tlog\link.secondary.1.tlog
d:\prog\!secdev\lr2_passthrough\x64\release\passthrough.tlog\link.write.1.tlog
d:\prog\!secdev\lr2_passthrough\x64\release\passthrough.tlog\rc.command.1.tlog
d:\prog\!secdev\lr2_passthrough\x64\release\passthrough.tlog\rc.read.1.tlog
d:\prog\!secdev\lr2_passthrough\x64\release\passthrough.tlog\rc.write.1.tlog
d:\prog\!secdev\lr2_passthrough\x64\release\passthrough.tlog\signtool.command.1.tlog
d:\prog\!secdev\lr2_passthrough\x64\release\passthrough.tlog\signtool.read.1.tlog
d:\prog\!secdev\lr2_passthrough\x64\release\passthrough.tlog\signtool.timestamp.1.tlog
d:\prog\!secdev\lr2_passthrough\x64\release\passthrough.tlog\signtool.write.1.tlog
d:\prog\!secdev\lr2_passthrough\x64\release\passthrough.tlog\stampinf.command.1.tlog
d:\prog\!secdev\lr2_passthrough\x64\release\passthrough.tlog\stampinf.read.1.tlog
d:\prog\!secdev\lr2_passthrough\x64\release\passthrough.tlog\stampinf.write.1.tlog
