d:\prog\!secdev\lr2_passthrough\x64\debug\vc143.pdb
d:\prog\!secdev\lr2_passthrough\x64\debug\passthrough.obj
d:\prog\!secdev\lr2_passthrough\x64\debug\aes.obj
d:\prog\!secdev\lr2_passthrough\x64\debug\passthrough\passthrough.cat
d:\prog\!secdev\lr2_passthrough\x64\debug\passthrough.sys
d:\prog\!secdev\lr2_passthrough\x64\debug\passthrough.pdb
d:\prog\!secdev\lr2_passthrough\x64\debug\passthrough.res
d:\prog\!secdev\lr2_passthrough\x64\debug\passthrough.inf
c:\users\waveform\desktop\proga\lr2_shirokov\lr2_passthrough\x64\debug\aes.obj
c:\users\waveform\desktop\proga\lr2_shirokov\lr2_passthrough\x64\debug\passthrough.obj
c:\users\waveform\desktop\proga\lr2_shirokov\lr2_passthrough\x64\debug\passthrough.res
c:\users\waveform\desktop\proga\lr2_shirokov\lr2_passthrough\x64\debug\passthrough.pdb
c:\users\waveform\desktop\proga\lr2_shirokov\lr2_passthrough\x64\debug\vc143.pdb
c:\users\waveform\desktop\proga\lr2_shirokov\lr2_passthrough\x64\debug\passthrough.sys
c:\users\waveform\desktop\proga\lr2_shirokov\lr2_passthrough\x64\debug\passthrough.tlog\cl.command.1.tlog
c:\users\waveform\desktop\proga\lr2_shirokov\lr2_passthrough\x64\debug\passthrough.tlog\cl.items.tlog
c:\users\waveform\desktop\proga\lr2_shirokov\lr2_passthrough\x64\debug\passthrough.tlog\cl.read.1.tlog
c:\users\waveform\desktop\proga\lr2_shirokov\lr2_passthrough\x64\debug\passthrough.tlog\cl.write.1.tlog
c:\users\waveform\desktop\proga\lr2_shirokov\lr2_passthrough\x64\debug\passthrough.tlog\inf2cat-expand.13452.read.1.tlog
c:\users\waveform\desktop\proga\lr2_shirokov\lr2_passthrough\x64\debug\passthrough.tlog\inf2cat-expand.13452.write.1.tlog
c:\users\waveform\desktop\proga\lr2_shirokov\lr2_passthrough\x64\debug\passthrough.tlog\inf2cat-expand.read.1.tlog
c:\users\waveform\desktop\proga\lr2_shirokov\lr2_passthrough\x64\debug\passthrough.tlog\inf2cat-expand.write.1.tlog
c:\users\waveform\desktop\proga\lr2_shirokov\lr2_passthrough\x64\debug\passthrough.tlog\inf2cat.command.1.tlog
c:\users\waveform\desktop\proga\lr2_shirokov\lr2_passthrough\x64\debug\passthrough.tlog\inf2cat.read.1.tlog
c:\users\waveform\desktop\proga\lr2_shirokov\lr2_passthrough\x64\debug\passthrough.tlog\inf2cat.write.1.tlog
c:\users\waveform\desktop\proga\lr2_shirokov\lr2_passthrough\x64\debug\passthrough.tlog\link.command.1.tlog
c:\users\waveform\desktop\proga\lr2_shirokov\lr2_passthrough\x64\debug\passthrough.tlog\link.read.1.tlog
c:\users\waveform\desktop\proga\lr2_shirokov\lr2_passthrough\x64\debug\passthrough.tlog\link.secondary.1.tlog
c:\users\waveform\desktop\proga\lr2_shirokov\lr2_passthrough\x64\debug\passthrough.tlog\link.write.1.tlog
c:\users\waveform\desktop\proga\lr2_shirokov\lr2_passthrough\x64\debug\passthrough.tlog\rc.command.1.tlog
c:\users\waveform\desktop\proga\lr2_shirokov\lr2_passthrough\x64\debug\passthrough.tlog\rc.read.1.tlog
c:\users\waveform\desktop\proga\lr2_shirokov\lr2_passthrough\x64\debug\passthrough.tlog\rc.write.1.tlog
c:\users\waveform\desktop\proga\lr2_shirokov\lr2_passthrough\x64\debug\passthrough.tlog\signtool.command.1.tlog
c:\users\waveform\desktop\proga\lr2_shirokov\lr2_passthrough\x64\debug\passthrough.tlog\signtool.read.1.tlog
c:\users\waveform\desktop\proga\lr2_shirokov\lr2_passthrough\x64\debug\passthrough.tlog\signtool.timestamp.1.tlog
c:\users\waveform\desktop\proga\lr2_shirokov\lr2_passthrough\x64\debug\passthrough.tlog\signtool.write.1.tlog
c:\users\waveform\desktop\proga\lr2_shirokov\lr2_passthrough\x64\debug\passthrough.tlog\stampinf.command.1.tlog
c:\users\waveform\desktop\proga\lr2_shirokov\lr2_passthrough\x64\debug\passthrough.tlog\stampinf.read.1.tlog
c:\users\waveform\desktop\proga\lr2_shirokov\lr2_passthrough\x64\debug\passthrough.tlog\stampinf.write.1.tlog
